#-----------------------------------------------------------
# Vivado v2023.2 (64-bit)
# SW Build 4029153 on Fri Oct 13 20:14:34 MDT 2023
# IP Build 4028589 on Sat Oct 14 00:45:43 MDT 2023
# SharedData Build 4025554 on Tue Oct 10 17:18:54 MDT 2023
# Start of session at: Wed Mar 18 22:03:11 2026
# Process ID: 33704
# Current directory: C:/NPU_project/CNN-Handwritten-Digit-MNIST-main/CNN-Handwritten-Digit-MNIST-main/Network/Vivado/CNN-MNIST-Arty-Z7/CNN-MNIST-Arty-Z7.runs/Arty_Z7_xbar_0_synth_1
# Command line: vivado.exe -log Arty_Z7_xbar_0.vds -product Vivado -mode batch -messageDb vivado.pb -notrace -source Arty_Z7_xbar_0.tcl
# Log file: C:/NPU_project/CNN-Handwritten-Digit-MNIST-main/CNN-Handwritten-Digit-MNIST-main/Network/Vivado/CNN-MNIST-Arty-Z7/CNN-MNIST-Arty-Z7.runs/Arty_Z7_xbar_0_synth_1/Arty_Z7_xbar_0.vds
# Journal file: C:/NPU_project/CNN-Handwritten-Digit-MNIST-main/CNN-Handwritten-Digit-MNIST-main/Network/Vivado/CNN-MNIST-Arty-Z7/CNN-MNIST-Arty-Z7.runs/Arty_Z7_xbar_0_synth_1\vivado.jou
# Running On: BOOK-5BUKIBNBT7, OS: Windows, CPU Frequency: 3302 MHz, CPU Physical cores: 8, Host memory: 33834 MB
#-----------------------------------------------------------
source Arty_Z7_xbar_0.tcl -notrace
